<html>
<body>
<pre>
<h1>µVision Build Log</h1>
<h2>Project:</h2>
C:\Users\Administrator\Desktop\gokit_mcu_stm32_V03010101_2016120118\Project\gokit_mcu_stm32.uvproj
Project File Date:  12/01/2016

<h2>Output:</h2>
Build target 'gokit_stm32'
assembling startup_stm32f10x_md.s...
compiling core_cm3.c...
compiling system_stm32f10x.c...
compiling misc.c...
compiling stm32f10x_adc.c...
compiling stm32f10x_bkp.c...
compiling stm32f10x_can.c...
compiling stm32f10x_cec.c...
compiling stm32f10x_crc.c...
compiling stm32f10x_dac.c...
compiling stm32f10x_dbgmcu.c...
compiling stm32f10x_dma.c...
compiling stm32f10x_exti.c...
compiling stm32f10x_flash.c...
compiling stm32f10x_fsmc.c...
compiling stm32f10x_gpio.c...
compiling stm32f10x_i2c.c...
compiling stm32f10x_iwdg.c...
compiling stm32f10x_pwr.c...
compiling stm32f10x_rcc.c...
compiling stm32f10x_rtc.c...
compiling stm32f10x_sdio.c...
compiling stm32f10x_spi.c...
compiling stm32f10x_tim.c...
compiling stm32f10x_usart.c...
compiling stm32f10x_wwdg.c...
compiling main.c...
compiling stm32f10x_it.c...
compiling delay.c...
compiling hal_key.c...
compiling Hal_led.c...
compiling hal_motor.c...
..\Hal\hal_motor\hal_motor.c(119): warning:  #223-D: function "abs" declared implicitly
              motorControl((abs(status)+5)*10, 0);
..\Hal\hal_motor\hal_motor.c(123): warning:  #223-D: function "abs" declared implicitly
              motorControl(0, (abs(status)+5)*10);
..\Hal\hal_motor\hal_motor.c: 2 warnings, 0 errors
compiling hal_rgb_led.c...
compiling hal_temp_hum.c...
compiling hal_uart.c...
compiling hal_infrared.c...
compiling hal_watchdog.c...
compiling gizwits_product.c...
compiling gizwits_protocol.c...
..\Gizwits\gizwits_protocol.c(689): warning:  #188-D: enumerated type mixed with another type
          dataPoints->valueLED_Color = gizDecompressionValue(LED_COLOR_BYTEOFFSET,LED_COLOR_BITOFFSET,LED_COLOR_LEN,(uint8_t *)&issuedData->attrVals.wBitBuf,sizeof(issuedData->attrVals.wBitBuf));
..\Gizwits\gizwits_protocol.c(1122): warning:  #177-D: variable "ret" was declared but never referenced
      int32_t ret = 0;
..\Gizwits\gizwits_protocol.c(41): warning:  #177-D: function "rbDelete" was declared but never referenced
  static void rbDelete(rb_t* rb)
..\Gizwits\gizwits_protocol.c(387): warning:  #177-D: function "gizY2XFloat" was declared but never referenced
  static uint32_t gizY2XFloat(float ratio, float addition, float preValue)
..\Gizwits\gizwits_protocol.c(406): warning:  #177-D: function "gizX2YFloat" was declared but never referenced
  static float gizX2YFloat(float ratio, float addition, uint32_t preValue)
..\Gizwits\gizwits_protocol.c: 5 warnings, 0 errors
linking...
Program Size: Code=22940 RO-data=336 RW-data=88 ZI-data=9144  
FromELF: creating hex file...
".\Obj\gokit_mcu_stm32.axf" - 0 Error(s), 7 Warning(s).
</pre>
</body>
</html>
